.*button.*
.*.ico
.*_ico.*
.*/icon/.*
.*/icons/.*
.*/avatars/.*
.*/avatar/.*
.*/themes/.*
.*/theme/.*
.*/print.png.*
.*/print.jpg.*
.*/print.gif.*
.*/clear.png.*
.*/clear.jpg.*
.*/clear.gif.*
.*/twitter.jpg.*
.*/twitter.png.*
.*/twitter.gif.*
.*/facebook.jpg.*
.*/facebook.png.*
.*/facebook.gif.*
.*/icon_facebook.png.*
.*/icon_facebook.jpg.*
.*/icon_facebook.gif.*
.*/small_zing_icon.png.*
.*/small_zing_icon.jpg.*
.*/small_zing_icon.gif.*
.*/icon_googleplus.jpg.*
.*/icon_googleplus.png.*
.*/icon_googleplus.gif.*
.*/icon_govn.png.*
.*/icon_govn.jpg.*
.*/icon_govn.gif.*
.*/digg.jpg.*
.*/digg.png.*
.*/digg.gif.*
.*/delicious.jpg.*
.*/delicious.png.*
.*/delicious.gif.*
.*/yahoo.jpg.*
.*/yahoo.png.*
.*/yahoo.gif.*
.*/icon_smile.jpg.*
.*/icon_smile.png.*
.*/icon_smile.gif.*
.*/comment.png.*
.*/comment.jpg.*
.*/comment.gif.*
.*/view_more.png.*
.*/view_more.jpg.*
.*/view_more.gif.*
.*/bttn_close.gif.*
.*/bttn_close.png.*
.*/bttn_close.jpg.*
.*/widget-comment.png.*
.*/widget-comment.jpg.*
.*/widget-comment.gif.*
.*/1px.gif.*
.*/1px.png.*
.*/1px.jpg.*
.*/2px.gif.*
.*/2px.png.*
.*/2px.jpg.*
.*/3px.gif.*
.*/3px.png.*
.*/3px.jpg.*
.*/linkhay_logo_small2.png.*
.*/linkhay_logo_small2.jpg.*
.*/linkhay_logo_small2.gif.*
.*/icon_googleplus.png.*
.*/icon_googleplus.jpg.*
.*/icon_googleplus.gif.*
http://tuoitre.vn/Images/Trans.gif
http://tuoitre.vn/Images/bookmark/.*
#Domain
.*reddit.com.*
.*facebook.com.*
.*google.com.*
.*twitter.com.*
.*digg.com.*